// Jest Snapshot v1, https://goo.gl/fbAQLP

exports[`ListData component shows error in error.toString() 1`] = `"<div><h1>Error</h1><div id=\\"error-text\\">Error: Something went wrong</div></div>"`;

exports[`ListData component shows loading screen 1`] = `"<div>Loading...</div>"`;

exports[`ListData component shows movies 1`] = `"<div><h1>Movies in the DataBase</h1><div><form><label>Country:<input id=\\"country-query\\" value=\\"\\"><button>Filter</button></label></form></div><div><h3>Title: movie 1</h3><p>Year: </p><p>Plot: </p><p>Directors: </p><p>Country: Norway</p></div><div><h3>Title: movie 2</h3><p>Year: </p><p>Plot: </p><p>Directors: </p><p>Country: Norway</p></div></div>"`;
